exports[`GetPlatform 1`] = `"{\"opent2t\":{\"schema\":\"org.opent2t.sample.binaryswitch.superpopular\",\"translator\":\"opent2t-translator-com-contosothings-binaryswitch\",\"controlId\":\"fb8e4fef-092c-486f-80d7-502a2715dfb7\"},\"availability\":\"online\",\"pi\":\"fb8e4fef-092c-486f-80d7-502a2715dfb7\",\"mnmn\":\"ContosoThings\",\"mnmo\":\"ctSwitch1\",\"n\":\"Backyard Lights\",\"rt\":[\"org.opent2t.sample.binaryswitch.superpopular\"],\"entities\":[{\"n\":\"Backyard Lights\",\"rt\":[\"oic.d.smartplug\"],\"di\":\"17183a67-ba07-190b-3241-44a283114f81\",\"icv\":\"core.1.1.0\",\"dmv\":\"res.1.1.0\",\"resources\":[{\"href\":\"/power\",\"rt\":[\"oic.r.switch.binary\"],\"if\":[\"oic.if.a\",\"oic.if.baseline\"]}]}]}"`;

exports[`GetPlatformExpanded 1`] = `"{"opent2t":{"schema":"org.opent2t.sample.binaryswitch.superpopular","translator":"opent2t-translator-com-contosothings-binaryswitch","controlId":"fb8e4fef-092c-486f-80d7-502a2715dfb7"},"availability":"online","pi":"fb8e4fef-092c-486f-80d7-502a2715dfb7","mnmn":"ContosoThings","mnmo":"ctSwitch1","n":"Backyard Lights","rt":["org.opent2t.sample.binaryswitch.superpopular"],"entities":[{"n":"Backyard Lights","rt":["oic.d.smartplug"],"di":"17183a67-ba07-190b-3241-44a283114f81","icv":"core.1.1.0","dmv":"res.1.1.0","resources":[{"href":"/power","rt":["oic.r.switch.binary"],"if":["oic.if.a","oic.if.baseline"],"id":"power","value":false}]}]}"`;
