exports[`GetPlatform 1`] = `"{\"opent2t\":{\"schema\":\"org.opent2t.sample.binaryswitch.superpopular\",\"translator\":\"opent2t-translator-com-insteon-binaryswitch\",\"controlId\":\"Mock Device\"},\"availability\":\"online\",\"pi\":\"44b0a5fb-f8a2-0160-0fae-34978b82a172\",\"mnmn\":\"Insteon\",\"mnmo\":\"Binary Switch (Generic)\",\"n\":\"Mock Device\",\"rt\":[\"org.opent2t.sample.binaryswitch.superpopular\"],\"entities\":[{\"n\":\"Mock Device\",\"icv\":\"core.1.1.0\",\"dmv\":\"res.1.1.0\",\"rt\":[\"oic.d.smartplug\"],\"di\":\"c29cbfba-bc33-a067-c1ff-fb6e6d6099cb\",\"resources\":[{\"href\":\"/power\",\"rt\":[\"oic.r.switch.binary\"],\"if\":[\"oic.if.a\",\"oic.if.baseline\"]}]}]}"`;

exports[`GetPlatformExpanded 1`] = `"{"opent2t":{"schema":"org.opent2t.sample.binaryswitch.superpopular","translator":"opent2t-translator-com-insteon-binaryswitch","controlId":"Mock Device"},"availability":"online","pi":"44b0a5fb-f8a2-0160-0fae-34978b82a172","mnmn":"Insteon","mnmo":"Binary Switch (Generic)","n":"Mock Device","rt":["org.opent2t.sample.binaryswitch.superpopular"],"entities":[{"n":"Mock Device","icv":"core.1.1.0","dmv":"res.1.1.0","rt":["oic.d.smartplug"],"di":"c29cbfba-bc33-a067-c1ff-fb6e6d6099cb","resources":[{"href":"/power","rt":["oic.r.switch.binary"],"if":["oic.if.a","oic.if.baseline"],"id":"power","value":false}]}]}"`;
